../Core/Src/stm32f4xx_it.c:84:6:NMI_Handler	4	static
../Core/Src/stm32f4xx_it.c:99:6:HardFault_Handler	4	static
../Core/Src/stm32f4xx_it.c:114:6:MemManage_Handler	4	static
../Core/Src/stm32f4xx_it.c:129:6:BusFault_Handler	4	static
../Core/Src/stm32f4xx_it.c:144:6:UsageFault_Handler	4	static
../Core/Src/stm32f4xx_it.c:159:6:DebugMon_Handler	4	static
../Core/Src/stm32f4xx_it.c:179:6:TIM2_IRQHandler	16	static
../Core/Src/stm32f4xx_it.c:213:6:USART1_IRQHandler	8	static
../Core/Src/stm32f4xx_it.c:228:6:USART3_IRQHandler	8	static
../Core/Src/stm32f4xx_it.c:242:6:UART4_IRQHandler	8	static
../Core/Src/stm32f4xx_it.c:256:6:TIM6_DAC_IRQHandler	8	static
../Core/Src/stm32f4xx_it.c:270:6:USART6_IRQHandler	8	static
